2026-06-11T18:41:41Z /Users/augustsemrauandersen/Desktop/DiamondDogs/DamOrama/dam-orama-spec-v0.5.md
2026-06-11T18:44:11Z /Users/augustsemrauandersen/Desktop/DiamondDogs/DamOrama/package.json
2026-06-11T18:44:23Z /Users/augustsemrauandersen/Desktop/DiamondDogs/DamOrama/src/core/Constants.js
2026-06-11T18:44:25Z /Users/augustsemrauandersen/Desktop/DiamondDogs/DamOrama/src/core/EventBus.js
2026-06-11T18:44:32Z /Users/augustsemrauandersen/Desktop/DiamondDogs/DamOrama/src/core/Grid.js
2026-06-11T18:44:50Z /Users/augustsemrauandersen/Desktop/DiamondDogs/DamOrama/vite.config.js
2026-06-11T18:44:52Z /Users/augustsemrauandersen/Desktop/DiamondDogs/DamOrama/index.html
2026-06-11T18:45:55Z /Users/augustsemrauandersen/Desktop/DiamondDogs/DamOrama/src/sim/WaterSim.js
2026-06-11T18:46:04Z /Users/augustsemrauandersen/Desktop/DiamondDogs/DamOrama/src/sim/Erosion.js
2026-06-11T18:46:33Z /Users/augustsemrauandersen/Desktop/DiamondDogs/DamOrama/src/core/Grid.test.js
2026-06-11T18:46:39Z /Users/augustsemrauandersen/Desktop/DiamondDogs/DamOrama/src/sim/testUtils.js
2026-06-11T18:46:58Z /Users/augustsemrauandersen/Desktop/DiamondDogs/DamOrama/src/sim/WaterSim.test.js
2026-06-11T18:47:11Z /Users/augustsemrauandersen/Desktop/DiamondDogs/DamOrama/src/sim/Erosion.test.js
2026-06-11T18:48:10Z /Users/augustsemrauandersen/Desktop/DiamondDogs/DamOrama/src/core/Constants.js
2026-06-11T18:48:13Z /Users/augustsemrauandersen/Desktop/DiamondDogs/DamOrama/src/sim/WaterSim.js
2026-06-11T18:48:14Z /Users/augustsemrauandersen/Desktop/DiamondDogs/DamOrama/src/sim/WaterSim.js
2026-06-11T18:48:17Z /Users/augustsemrauandersen/Desktop/DiamondDogs/DamOrama/src/sim/Erosion.js
2026-06-11T18:48:20Z /Users/augustsemrauandersen/Desktop/DiamondDogs/DamOrama/src/sim/Erosion.js
2026-06-11T18:48:23Z /Users/augustsemrauandersen/Desktop/DiamondDogs/DamOrama/src/sim/Erosion.test.js
2026-06-11T18:51:14Z /Users/augustsemrauandersen/Desktop/DiamondDogs/DamOrama/src/sim/Erosion.test.js
2026-06-11T18:53:18Z /Users/augustsemrauandersen/Desktop/DiamondDogs/DamOrama/src/levels/terrainKit.js
2026-06-11T18:53:24Z /Users/augustsemrauandersen/Desktop/DiamondDogs/DamOrama/src/game/WinLoss.js
2026-06-11T18:53:30Z /Users/augustsemrauandersen/Desktop/DiamondDogs/DamOrama/src/game/FloodRunner.js
2026-06-11T18:54:23Z /Users/augustsemrauandersen/Desktop/DiamondDogs/DamOrama/src/levels/level1.js
2026-06-11T18:54:34Z /Users/augustsemrauandersen/Desktop/DiamondDogs/DamOrama/src/levels/level2.js
2026-06-11T18:54:43Z /Users/augustsemrauandersen/Desktop/DiamondDogs/DamOrama/src/levels/level3.js
2026-06-11T18:54:47Z /Users/augustsemrauandersen/Desktop/DiamondDogs/DamOrama/src/levels/index.js
2026-06-11T18:56:57Z /Users/augustsemrauandersen/Desktop/DiamondDogs/DamOrama/src/sim/WaterSim.js
2026-06-11T18:56:58Z /Users/augustsemrauandersen/Desktop/DiamondDogs/DamOrama/src/sim/WaterSim.js
2026-06-11T18:57:17Z /Users/augustsemrauandersen/Desktop/DiamondDogs/DamOrama/src/game/FloodRunner.js
2026-06-11T18:58:39Z /Users/augustsemrauandersen/Desktop/DiamondDogs/DamOrama/src/core/Constants.js
2026-06-11T18:58:43Z /Users/augustsemrauandersen/Desktop/DiamondDogs/DamOrama/src/levels/level1.js
2026-06-11T18:58:46Z /Users/augustsemrauandersen/Desktop/DiamondDogs/DamOrama/src/levels/level1.js
2026-06-11T19:00:42Z /Users/augustsemrauandersen/Desktop/DiamondDogs/DamOrama/src/levels/level2.js
2026-06-11T19:00:44Z /Users/augustsemrauandersen/Desktop/DiamondDogs/DamOrama/src/levels/level3.js
2026-06-11T19:00:48Z /Users/augustsemrauandersen/Desktop/DiamondDogs/DamOrama/src/levels/level3.js
2026-06-11T19:03:45Z /Users/augustsemrauandersen/Desktop/DiamondDogs/DamOrama/src/levels/level2.js
2026-06-11T19:03:56Z /Users/augustsemrauandersen/Desktop/DiamondDogs/DamOrama/src/levels/level3.js
2026-06-11T19:06:35Z /Users/augustsemrauandersen/Desktop/DiamondDogs/DamOrama/src/levels/level3.js
2026-06-11T19:06:43Z /Users/augustsemrauandersen/Desktop/DiamondDogs/DamOrama/src/levels/level2.js
2026-06-11T19:06:44Z /Users/augustsemrauandersen/Desktop/DiamondDogs/DamOrama/src/levels/level2.js
2026-06-11T19:06:51Z /Users/augustsemrauandersen/Desktop/DiamondDogs/DamOrama/src/levels/level3.js
2026-06-11T19:09:03Z /Users/augustsemrauandersen/Desktop/DiamondDogs/DamOrama/src/levels/level2.js
2026-06-11T19:09:05Z /Users/augustsemrauandersen/Desktop/DiamondDogs/DamOrama/src/levels/level2.js
2026-06-11T19:09:11Z /Users/augustsemrauandersen/Desktop/DiamondDogs/DamOrama/src/levels/level2.js
2026-06-11T19:10:35Z /Users/augustsemrauandersen/Desktop/DiamondDogs/DamOrama/src/levels/level2.js
2026-06-11T19:13:44Z /Users/augustsemrauandersen/Desktop/DiamondDogs/DamOrama/src/sim/WaterSim.js
2026-06-11T19:13:49Z /Users/augustsemrauandersen/Desktop/DiamondDogs/DamOrama/src/sim/WaterSim.js
2026-06-11T19:17:05Z /Users/augustsemrauandersen/Desktop/DiamondDogs/DamOrama/src/levels/terrainKit.js
2026-06-11T19:17:08Z /Users/augustsemrauandersen/Desktop/DiamondDogs/DamOrama/src/levels/level2.js
2026-06-11T19:17:14Z /Users/augustsemrauandersen/Desktop/DiamondDogs/DamOrama/src/levels/level2.js
2026-06-11T19:17:16Z /Users/augustsemrauandersen/Desktop/DiamondDogs/DamOrama/src/levels/level2.js
2026-06-11T19:18:24Z /Users/augustsemrauandersen/Desktop/DiamondDogs/DamOrama/src/core/Constants.js
2026-06-11T19:19:56Z /Users/augustsemrauandersen/Desktop/DiamondDogs/DamOrama/src/levels/level2.js
2026-06-11T19:20:02Z /Users/augustsemrauandersen/Desktop/DiamondDogs/DamOrama/src/levels/level2.js
2026-06-11T19:21:08Z /Users/augustsemrauandersen/Desktop/DiamondDogs/DamOrama/src/core/Constants.js
2026-06-11T19:21:54Z /Users/augustsemrauandersen/Desktop/DiamondDogs/DamOrama/src/levels/level2.js
2026-06-11T19:21:58Z /Users/augustsemrauandersen/Desktop/DiamondDogs/DamOrama/src/levels/level3.js
2026-06-11T19:22:09Z /Users/augustsemrauandersen/Desktop/DiamondDogs/DamOrama/src/levels/solvability.test.js
2026-06-11T19:22:21Z /Users/augustsemrauandersen/Desktop/DiamondDogs/DamOrama/src/sim/WaterSim.test.js
2026-06-11T19:23:44Z /Users/augustsemrauandersen/Desktop/DiamondDogs/DamOrama/src/sim/WaterSim.test.js
2026-06-11T19:25:29Z /Users/augustsemrauandersen/Desktop/DiamondDogs/DamOrama/src/sim/WaterSim.test.js
2026-06-11T19:26:47Z /Users/augustsemrauandersen/Desktop/DiamondDogs/DamOrama/src/sim/WaterSim.test.js
2026-06-11T19:28:38Z /Users/augustsemrauandersen/Desktop/DiamondDogs/DamOrama/src/game/Budget.js
2026-06-11T19:28:45Z /Users/augustsemrauandersen/Desktop/DiamondDogs/DamOrama/src/game/UndoSystem.js
2026-06-11T19:29:26Z /Users/augustsemrauandersen/Desktop/DiamondDogs/DamOrama/src/game/EditTools.js
2026-06-11T19:29:48Z /Users/augustsemrauandersen/Desktop/DiamondDogs/DamOrama/src/game/GameLoop.js
2026-06-11T19:29:58Z /Users/augustsemrauandersen/Desktop/DiamondDogs/DamOrama/src/game/Postmortem.js
2026-06-11T19:30:02Z /Users/augustsemrauandersen/Desktop/DiamondDogs/DamOrama/src/game/Progress.js
2026-06-11T19:30:25Z /Users/augustsemrauandersen/Desktop/DiamondDogs/DamOrama/src/game/EditTools.test.js
2026-06-11T19:30:37Z /Users/augustsemrauandersen/Desktop/DiamondDogs/DamOrama/src/game/GameLoop.test.js
2026-06-11T19:32:01Z /Users/augustsemrauandersen/Desktop/DiamondDogs/DamOrama/src/render/SceneBuilder.js
2026-06-11T19:32:15Z /Users/augustsemrauandersen/Desktop/DiamondDogs/DamOrama/src/render/TerrainMesh.js
2026-06-11T19:32:27Z /Users/augustsemrauandersen/Desktop/DiamondDogs/DamOrama/src/render/WaterMesh.js
2026-06-11T19:32:56Z /Users/augustsemrauandersen/Desktop/DiamondDogs/DamOrama/src/render/Houses.js
2026-06-11T19:33:05Z /Users/augustsemrauandersen/Desktop/DiamondDogs/DamOrama/src/input/CameraControls.js
2026-06-11T19:33:26Z /Users/augustsemrauandersen/Desktop/DiamondDogs/DamOrama/src/input/PointerInput.js
2026-06-11T19:33:39Z /Users/augustsemrauandersen/Desktop/DiamondDogs/DamOrama/src/audio/SoundScape.js
2026-06-11T19:34:21Z /Users/augustsemrauandersen/Desktop/DiamondDogs/DamOrama/src/ui/styles.css
2026-06-11T19:34:58Z /Users/augustsemrauandersen/Desktop/DiamondDogs/DamOrama/src/ui/components.js
2026-06-11T19:35:30Z /Users/augustsemrauandersen/Desktop/DiamondDogs/DamOrama/src/main.js
